// Jest Snapshot v1, https://goo.gl/fbAQLP

exports[`renders app correctly 1`] = `
<body>
  <div>
    <div
      class="sc-eCApnc gntAJ"
    >
      <div
        class="sc-hKFxyN bPCfgy"
      >
        <div
          aria-label="Awesome Tabs"
          class="sc-bdnxRM ewiLTn"
          role="tablist"
        >
          <button
            aria-controls="tincidunt-tab"
            aria-selected="true"
            class="sc-gtsrHT hLdcqK"
            id="tincidunt"
            role="tab"
          >
            Tincidunt
          </button>
          <button
            aria-controls="sodales-tab"
            aria-selected="false"
            class="sc-gtsrHT crbYRc"
            id="sodales"
            role="tab"
            tabindex="-1"
          >
            Sodales
          </button>
        </div>
        <div
          aria-labelledby="tincidunt"
          class="sc-dlnjwi cIarac"
          id="tincidunt-tab"
          role="tabpanel"
          tabindex="0"
        >
          <h3>
            Donec vitae
          </h3>
          <p>
            Ut tincidunt tincidunt erat. Fusce convallis metus id felis luctus adipiscing. Vivamus quis mi. Nullam vel sem. Morbi ac felis.
          </p>
          <p>
            Maecenas vestibulum mollis diam.. Proin viverra, ligula sit amet ultrices semper, ligula arcu tristique sapien, a accumsan nisi mauris ac eros. Suspendisse potenti. In dui magna, posuere eget, vestibulum et, tempor auctor, justo.
          </p>
        </div>
        <div
          aria-labelledby="sodales"
          class="sc-dlnjwi dBvEUx"
          id="sodales-tab"
          role="tabpanel"
          tabindex="0"
        >
          <h3>
            Donec sodales sagittis
          </h3>
          <p>
            Maecenas vestibulum mollis diam.. Proin viverra, ligula sit amet ultrices semper, ligula arcu tristique sapien, a accumsan nisi mauris ac eros. Suspendisse potenti. In dui magna, posuere eget, vestibulum et, tempor auctor, justo.
          </p>
          <p>
            Ut tincidunt tincidunt erat. Fusce convallis metus id felis luctus adipiscing. Vivamus quis mi. Nullam vel sem. Morbi ac felis.
          </p>
        </div>
      </div>
      <hr />
      <div
        class="sc-hKFxyN bPCfgy"
      >
        <div
          aria-label="Another Tabs"
          class="sc-bdnxRM ewiLTn"
          role="tablist"
        >
          <button
            aria-controls="sodales-tab"
            aria-selected="false"
            class="sc-gtsrHT crbYRc"
            id="sodales"
            role="tab"
            tabindex="-1"
          >
            Sodales
          </button>
          <button
            aria-controls="tincidunt-tab"
            aria-selected="true"
            class="sc-gtsrHT hLdcqK"
            id="tincidunt"
            role="tab"
          >
            Tincidunt
          </button>
        </div>
        <div
          aria-labelledby="sodales"
          class="sc-dlnjwi dBvEUx"
          id="sodales-tab"
          role="tabpanel"
          tabindex="0"
        >
          <h3>
            Donec sodales sagittis
          </h3>
          <p>
            Maecenas vestibulum mollis diam.. Proin viverra, ligula sit amet ultrices semper, ligula arcu tristique sapien, a accumsan nisi mauris ac eros. Suspendisse potenti. In dui magna, posuere eget, vestibulum et, tempor auctor, justo.
          </p>
          <p>
            Ut tincidunt tincidunt erat. Fusce convallis metus id felis luctus adipiscing. Vivamus quis mi. Nullam vel sem. Morbi ac felis.
          </p>
        </div>
        <div
          aria-labelledby="tincidunt"
          class="sc-dlnjwi cIarac"
          id="tincidunt-tab"
          role="tabpanel"
          tabindex="0"
        >
          <h3>
            Donec vitae
          </h3>
          <p>
            Ut tincidunt tincidunt erat. Fusce convallis metus id felis luctus adipiscing. Vivamus quis mi. Nullam vel sem. Morbi ac felis.
          </p>
          <p>
            Maecenas vestibulum mollis diam.. Proin viverra, ligula sit amet ultrices semper, ligula arcu tristique sapien, a accumsan nisi mauris ac eros. Suspendisse potenti. In dui magna, posuere eget, vestibulum et, tempor auctor, justo.
          </p>
        </div>
      </div>
    </div>
  </div>
</body>
`;
